============================= test session starts =============================
platform win32 -- Python 3.12.0, pytest-9.0.1, pluggy-1.6.0 -- C:\Users\khoua\AppData\Local\Programs\Python\Python312\python.exe
cachedir: .pytest_cache
rootdir: C:\Users\khoua\OneDrive\Desktop\Xmarket
configfile: pytest.ini
plugins: anyio-3.7.1, cov-7.0.0
collecting ... collected 0 items / 1 error

=================================== ERRORS ====================================
________________ ERROR collecting tests/test_reality_engine.py ________________
ImportError while importing test module 'C:\Users\khoua\OneDrive\Desktop\Xmarket\tests\test_reality_engine.py'.
Hint: make sure your test modules/packages have valid Python names.
Traceback:
..\..\..\AppData\Local\Programs\Python\Python312\Lib\importlib\__init__.py:90: in import_module
    return _bootstrap._gcd_import(name[level:], package, level)
           ^^^^^^^^^^^^^^^^^^^^^^^^^^^^^^^^^^^^^^^^^^^^^^^^^^^^
tests\test_reality_engine.py:18: in <module>
    from reality_engine.event_builder import build_event, compute_quick_score_placeholder
E   ImportError: cannot import name 'compute_quick_score_placeholder' from 'reality_engine.event_builder' (C:\Users\khoua\OneDrive\Desktop\Xmarket\reality_engine\event_builder.py)
=========================== short test summary info ===========================
ERROR tests/test_reality_engine.py
!!!!!!!!!!!!!!!!!!! Interrupted: 1 error during collection !!!!!!!!!!!!!!!!!!!!
============================== 1 error in 11.52s ==============================
